// Jest Snapshot v1, https://goo.gl/fbAQLP

exports[`CardItem Component CardItem should render correctly 1`] = `null`;
